INFO: 2026-08-06 00:14:54,954: main() 'Using profile folder /home/pd0rk1n/.config/variety/'
INFO: 2026-08-06 00:14:54,955: perform_upgrade() 'Last run version was 0.9.0 or earlier, current version is 0.9.0'
INFO: 2026-08-06 00:14:54,958: process_command() 'Received command: ['--profile', '/home/pd0rk1n/.config/variety/']'
INFO: 2026-08-06 00:14:54,959: load() 'Jumble loading'
INFO: 2026-08-06 00:14:54,960: _walk_modules() 'Jumble loading module in __init__ from /usr/lib/python3.14/site-packages/variety/plugins/builtin/__init__.py'
INFO: 2026-08-06 00:14:54,960: _walk_modules() 'Jumble loading module in UnsplashDownloader from /usr/lib/python3.14/site-packages/variety/plugins/builtin/downloaders/UnsplashDownloader.py'
INFO: 2026-08-06 00:14:54,960: load() 'Jumble found plugin class: <class 'UnsplashDownloader.UnsplashDownloader'>: {'name': 'UnsplashDownloader', 'description': 'High-resolution photos from Unsplash.com', 'author': 'Peter Levi', 'version': '0.1'}'
INFO: 2026-08-06 00:14:54,961: _walk_modules() 'Jumble loading module in RedditSource from /usr/lib/python3.14/site-packages/variety/plugins/builtin/downloaders/RedditSource.py'
INFO: 2026-08-06 00:14:54,962: load() 'Jumble found plugin class: <class 'RedditSource.RedditSource'>: {'name': 'RedditSource', 'description': 'Configurable source for fetching images from Reddit', 'author': 'Peter Levi', 'version': '0.1'}'
INFO: 2026-08-06 00:14:54,962: _walk_modules() 'Jumble loading module in MediaRSSDownloader from /usr/lib/python3.14/site-packages/variety/plugins/builtin/downloaders/MediaRSSDownloader.py'
INFO: 2026-08-06 00:14:54,962: _walk_modules() 'Jumble loading module in ArtStationSource from /usr/lib/python3.14/site-packages/variety/plugins/builtin/downloaders/ArtStationSource.py'
INFO: 2026-08-06 00:14:54,963: load() 'Jumble found plugin class: <class 'ArtStationSource.ArtStationSource'>: {'name': 'ArtStationSource', 'description': 'Configurable source for fetching images from ArtStation', 'author': 'Denis Gordeev', 'version': '0.1'}'
INFO: 2026-08-06 00:14:54,963: _walk_modules() 'Jumble loading module in MediaRSSSource from /usr/lib/python3.14/site-packages/variety/plugins/builtin/downloaders/MediaRSSSource.py'
INFO: 2026-08-06 00:14:54,963: load() 'Jumble found plugin class: <class 'MediaRSSSource.MediaRSSSource'>: {'name': 'MediaRSSSource', 'description': 'Configurable source for fetching images from MediaRSS feeds', 'author': 'Peter Levi', 'version': '0.1'}'
INFO: 2026-08-06 00:14:54,963: _walk_modules() 'Jumble loading module in APODDownloader from /usr/lib/python3.14/site-packages/variety/plugins/builtin/downloaders/APODDownloader.py'
INFO: 2026-08-06 00:14:54,964: load() 'Jumble found plugin class: <class 'APODDownloader.APODDownloader'>: {'name': 'APODDownloader', 'description': 'NASA Astro Pic of the Day', 'author': 'Peter Levi', 'version': '0.1'}'
INFO: 2026-08-06 00:14:54,964: _walk_modules() 'Jumble loading module in RedditDownloader from /usr/lib/python3.14/site-packages/variety/plugins/builtin/downloaders/RedditDownloader.py'
INFO: 2026-08-06 00:14:54,964: _walk_modules() 'Jumble loading module in ArtStationDownloader from /usr/lib/python3.14/site-packages/variety/plugins/builtin/downloaders/ArtStationDownloader.py'
INFO: 2026-08-06 00:14:54,964: _walk_modules() 'Jumble loading module in UnsplashConfigurableSource from /usr/lib/python3.14/site-packages/variety/plugins/builtin/downloaders/UnsplashConfigurableSource.py'
INFO: 2026-08-06 00:14:54,965: load() 'Jumble found plugin class: <class 'UnsplashConfigurableSource.UnsplashConfigurableSource'>: {'name': 'UnsplashConfigurableSource', 'description': 'Configurable source for fetching photos from Unsplash.com', 'author': 'Peter Levi', 'version': '0.1'}'
INFO: 2026-08-06 00:14:54,965: _walk_modules() 'Jumble loading module in EarthviewDownloader from /usr/lib/python3.14/site-packages/variety/plugins/builtin/downloaders/EarthviewDownloader.py'
INFO: 2026-08-06 00:14:54,966: load() 'Jumble found plugin class: <class 'EarthviewDownloader.EarthviewDownloader'>: {'name': 'EarthviewDownloader', 'description': 'Google Earth View Wallpapers', 'author': 'Peter Levi', 'version': '0.1'}'
INFO: 2026-08-06 00:14:54,966: _walk_modules() 'Jumble loading module in WallhavenSource from /usr/lib/python3.14/site-packages/variety/plugins/builtin/downloaders/WallhavenSource.py'
INFO: 2026-08-06 00:14:54,967: load() 'Jumble found plugin class: <class 'WallhavenSource.WallhavenSource'>: {'name': 'WallhavenSource', 'description': 'Configurable source for fetching images from Wallhaven.cc', 'author': 'Peter Levi', 'version': '0.1'}'
INFO: 2026-08-06 00:14:54,967: _walk_modules() 'Jumble loading module in WallhavenDownloader from /usr/lib/python3.14/site-packages/variety/plugins/builtin/downloaders/WallhavenDownloader.py'
INFO: 2026-08-06 00:14:54,967: _walk_modules() 'Jumble loading module in __init__ from /usr/lib/python3.14/site-packages/variety/plugins/builtin/downloaders/__init__.py'
INFO: 2026-08-06 00:14:54,967: _walk_modules() 'Jumble loading module in WallhavenLegacyDownloader from /usr/lib/python3.14/site-packages/variety/plugins/builtin/downloaders/WallhavenLegacyDownloader.py'
INFO: 2026-08-06 00:14:54,967: _walk_modules() 'Jumble loading module in BingDownloader from /usr/lib/python3.14/site-packages/variety/plugins/builtin/downloaders/BingDownloader.py'
INFO: 2026-08-06 00:14:54,968: load() 'Jumble found plugin class: <class 'BingDownloader.BingDownloader'>: {'name': 'BingDownloader', 'description': 'Bing Photo of the Day', 'author': 'Peter Levi', 'version': '0.1'}'
INFO: 2026-08-06 00:14:54,968: _walk_modules() 'Jumble loading module in GnomeDisplayModesPlugin from /usr/lib/python3.14/site-packages/variety/plugins/builtin/display_modes/GnomeDisplayModesPlugin.py'
INFO: 2026-08-06 00:14:54,968: load() 'Jumble found plugin class: <class 'GnomeDisplayModesPlugin.GnomeDisplayModesPlugin'>: {'name': 'GnomeDisplayModesPlugin', 'description': 'Display modes relying on the underlying desktop environment', 'version': '1.0', 'author': 'Peter Levi'}'
INFO: 2026-08-06 00:14:54,969: _walk_modules() 'Jumble loading module in ResizingDisplayModesPlugin from /usr/lib/python3.14/site-packages/variety/plugins/builtin/display_modes/ResizingDisplayModesPlugin.py'
INFO: 2026-08-06 00:14:54,969: load() 'Jumble found plugin class: <class 'ResizingDisplayModesPlugin.ResizingDisplayModesPlugin'>: {'name': 'ResizingDisplayModesPlugin', 'description': 'Display modes that use image resizing within Variety', 'version': '1.0', 'author': 'Peter Levi'}'
INFO: 2026-08-06 00:14:54,969: _walk_modules() 'Jumble loading module in LegacyDisplayModesPlugin from /usr/lib/python3.14/site-packages/variety/plugins/builtin/display_modes/LegacyDisplayModesPlugin.py'
INFO: 2026-08-06 00:14:54,969: load() 'Jumble found plugin class: <class 'LegacyDisplayModesPlugin.LegacyDisplayModesPlugin'>: {'name': 'LegacyDisplayModesPlugin', 'description': 'Legacy display mode for compatibility with past Variety versions', 'version': '1.0', 'author': 'Peter Levi'}'
INFO: 2026-08-06 00:14:54,969: _walk_modules() 'Jumble loading module in __init__ from /usr/lib/python3.14/site-packages/variety/plugins/builtin/display_modes/__init__.py'
INFO: 2026-08-06 00:14:54,970: _walk_modules() 'Jumble loading module in UrbanDictionarySource from /usr/lib/python3.14/site-packages/variety/plugins/builtin/quotes/UrbanDictionarySource.py'
INFO: 2026-08-06 00:14:54,970: load() 'Jumble found plugin class: <class 'UrbanDictionarySource.UrbanDictionarySource'>: {'name': 'Urban Dictionary', 'description': 'Displays definitions from Urban Dictionary', 'author': 'James Miller', 'version': '0.1'}'
INFO: 2026-08-06 00:14:54,970: _walk_modules() 'Jumble loading module in GoodreadsSource from /usr/lib/python3.14/site-packages/variety/plugins/builtin/quotes/GoodreadsSource.py'
INFO: 2026-08-06 00:14:55,007: load() 'Jumble found plugin class: <class 'GoodreadsSource.GoodreadsSource'>: {'name': 'Goodreads', 'description': 'Fetches quotes from Goodreads.com', 'author': 'Peter Levi', 'version': '0.1'}'
INFO: 2026-08-06 00:14:55,007: _walk_modules() 'Jumble loading module in __init__ from /usr/lib/python3.14/site-packages/variety/plugins/builtin/quotes/__init__.py'
INFO: 2026-08-06 00:14:55,007: _walk_modules() 'Jumble loading module in FortuneSource from /usr/lib/python3.14/site-packages/variety/plugins/builtin/quotes/FortuneSource.py'
INFO: 2026-08-06 00:14:55,007: load() 'Jumble found plugin class: <class 'FortuneSource.FortuneSource'>: {'name': 'UNIX fortune program', 'description': 'Displays quotes using the UNIX fortune program. You may want to install additional fortune packs, e.g. fortunes-bofh-excuses.', 'author': 'Dan Jones', 'version': '0.1'}'
INFO: 2026-08-06 00:14:55,008: _walk_modules() 'Jumble loading module in LocalFilesSource from /usr/lib/python3.14/site-packages/variety/plugins/builtin/quotes/LocalFilesSource.py'
INFO: 2026-08-06 00:14:55,008: load() 'Jumble found plugin class: <class 'LocalFilesSource.LocalFilesSource'>: {'name': 'Local text files', 'description': 'Displays quotes, defined in local text files.\nPut your own txt files in: /home/pd0rk1n/.config/variety/pluginconfig/quotes/.\nThe file format is:\n\nquote -- author\n.\nsecond quote -- another author\n.\netc...\n\nExample: http://rvelthuis.de/zips/quotes.txt', 'author': 'Peter Levi', 'version': '0.1'}'
INFO: 2026-08-06 00:14:55,008: _walk_modules() 'Jumble loading module in QuotationsPageSource from /usr/lib/python3.14/site-packages/variety/plugins/builtin/quotes/QuotationsPageSource.py'
INFO: 2026-08-06 00:14:55,008: load() 'Jumble found plugin class: <class 'QuotationsPageSource.QuotationsPageSource'>: {'name': 'TheQuotationsPage.com', 'description': 'Fetches quotes from TheQuotationsPage.com', 'author': 'Peter Levi', 'version': '0.1'}'
ERROR: 2026-08-06 00:14:55,015: get_desktop_wallpaper() 'Exception when calling get_wallpaper script'
Traceback (most recent call last):
  File "/usr/lib/python3.14/site-packages/variety/VarietyWindow.py", line 2722, in get_desktop_wallpaper
    output = subprocess.check_output(script).decode().strip()
             ~~~~~~~~~~~~~~~~~~~~~~~^^^^^^^^
  File "/usr/lib/python3.14/subprocess.py", line 473, in check_output
    return run(*popenargs, stdout=PIPE, timeout=timeout, check=True,
           ~~~^^^^^^^^^^^^^^^^^^^^^^^^^^^^^^^^^^^^^^^^^^^^^^^^^^^^^^
               **kwargs).stdout
               ^^^^^^^^^
  File "/usr/lib/python3.14/subprocess.py", line 578, in run
    raise CalledProcessError(retcode, process.args,
                             output=stdout, stderr=stderr)
subprocess.CalledProcessError: Command '/home/pd0rk1n/.config/variety/scripts/get_wallpaper_kiro' returned non-zero exit status 1.
INFO: 2026-08-06 00:14:55,016: reload_config() 'Creating new downloader for type wallhaven, location space'
INFO: 2026-08-06 00:14:55,017: reload_config() 'Creating new downloader for type wallhaven, location minimal'
INFO: 2026-08-06 00:14:55,017: reload_config() 'Creating new downloader for type wallhaven, location scifi'
INFO: 2026-08-06 00:14:55,017: reload_config() 'Creating new downloader for type wallhaven, location simple'
INFO: 2026-08-06 00:14:55,017: reload_config() 'Creating new downloader for type wallhaven, location abstract'
INFO: 2026-08-06 00:14:55,018: log_options() 'Loaded options:'
INFO: 2026-08-06 00:14:55,018: log_options() 'change_enabled = True'
INFO: 2026-08-06 00:14:55,018: log_options() 'change_interval = 300'
INFO: 2026-08-06 00:14:55,018: log_options() 'change_lock_screen = False'
INFO: 2026-08-06 00:14:55,018: log_options() 'change_on_start = True'
INFO: 2026-08-06 00:14:55,018: log_options() 'clipboard_enabled = False'
INFO: 2026-08-06 00:14:55,018: log_options() 'clipboard_hosts = ['wallhaven.cc', 'wallpapers.net', 'flickr.com', 'imgur.com', 'deviantart.com', 'interfacelift.com', 'vladstudio.com', 'imageshack.us', 'deviantart.net', 'imageshack.com']'
INFO: 2026-08-06 00:14:55,018: log_options() 'clipboard_use_whitelist = True'
INFO: 2026-08-06 00:14:55,018: log_options() 'clock_date_font = Serif 30'
INFO: 2026-08-06 00:14:55,018: log_options() 'clock_enabled = False'
INFO: 2026-08-06 00:14:55,018: log_options() 'clock_filter = -density 100 -font `fc-match -f '%{file[0]}' '%CLOCK_FONT_NAME'` -pointsize %CLOCK_FONT_SIZE -gravity SouthEast -fill '#00000044' -annotate 0x0+[%HOFFSET+58]+[%VOFFSET+108] '%H:%M' -fill white -annotate 0x0+[%HOFFSET+60]+[%VOFFSET+110] '%H:%M' -font `fc-match -f '%{file[0]}' '%DATE_FONT_NAME'` -pointsize %DATE_FONT_SIZE -fill '#00000044' -annotate 0x0+[%HOFFSET+58]+[%VOFFSET+58] '%A, %B %d' -fill white -annotate 0x0+[%HOFFSET+60]+[%VOFFSET+60] '%A, %B %d''
INFO: 2026-08-06 00:14:55,018: log_options() 'clock_font = Serif 70'
INFO: 2026-08-06 00:14:55,018: log_options() 'configfile = /home/pd0rk1n/.config/variety/variety.conf'
INFO: 2026-08-06 00:14:55,018: log_options() 'copyto_enabled = False'
INFO: 2026-08-06 00:14:55,018: log_options() 'copyto_folder = Default'
INFO: 2026-08-06 00:14:55,018: log_options() 'desired_color = [160, 160, 160]'
INFO: 2026-08-06 00:14:55,018: log_options() 'desired_color_enabled = False'
INFO: 2026-08-06 00:14:55,018: log_options() 'download_folder = /home/pd0rk1n/.config/variety/Downloaded'
INFO: 2026-08-06 00:14:55,018: log_options() 'download_preference_ratio = 0.9'
INFO: 2026-08-06 00:14:55,018: log_options() 'favorites_folder = /home/pd0rk1n/.config/variety/Favorites'
INFO: 2026-08-06 00:14:55,018: log_options() 'favorites_operations = [['Downloaded', 'Copy'], ['Fetched', 'Move'], ['Others', 'Copy']]'
INFO: 2026-08-06 00:14:55,018: log_options() 'fetched_folder = /home/pd0rk1n/.config/variety/Fetched'
INFO: 2026-08-06 00:14:55,018: log_options() 'filters = [[False, 'Keep original', ''], [False, 'Grayscale', '-type Grayscale'], [False, 'Heavy blur', '-scale 20% -blur 0x10 -resize 500%'], [False, 'Soft blur', '-scale 20% -blur 0x2 -resize 500%'], [False, 'Oil painting', '-paint 8'], [False, 'Pointilism', '-spread 10 -noise 3'], [False, 'Pixellate', '-scale 3% -scale 3333%']]'
INFO: 2026-08-06 00:14:55,018: log_options() 'get_wallpaper_script = /home/pd0rk1n/.config/variety/scripts/get_wallpaper_kiro'
INFO: 2026-08-06 00:14:55,018: log_options() 'icon = Light'
INFO: 2026-08-06 00:14:55,018: log_options() 'internet_enabled = True'
INFO: 2026-08-06 00:14:55,018: log_options() 'lightness_enabled = False'
INFO: 2026-08-06 00:14:55,018: log_options() 'lightness_mode = 0'
INFO: 2026-08-06 00:14:55,018: log_options() 'min_rating = 4'
INFO: 2026-08-06 00:14:55,019: log_options() 'min_rating_enabled = False'
INFO: 2026-08-06 00:14:55,019: log_options() 'min_size = 80'
INFO: 2026-08-06 00:14:55,019: log_options() 'min_size_enabled = True'
INFO: 2026-08-06 00:14:55,019: log_options() 'name_regex = .*'
INFO: 2026-08-06 00:14:55,019: log_options() 'name_regex_enabled = False'
INFO: 2026-08-06 00:14:55,019: log_options() 'quota_enabled = True'
INFO: 2026-08-06 00:14:55,019: log_options() 'quota_size = 1000'
INFO: 2026-08-06 00:14:55,019: log_options() 'quotes_authors = '
INFO: 2026-08-06 00:14:55,019: log_options() 'quotes_bg_color = [80, 80, 80]'
INFO: 2026-08-06 00:14:55,019: log_options() 'quotes_bg_opacity = 55'
INFO: 2026-08-06 00:14:55,019: log_options() 'quotes_change_enabled = False'
INFO: 2026-08-06 00:14:55,019: log_options() 'quotes_change_interval = 300'
INFO: 2026-08-06 00:14:55,019: log_options() 'quotes_disabled_sources = ['Urban Dictionary']'
INFO: 2026-08-06 00:14:55,019: log_options() 'quotes_enabled = False'
INFO: 2026-08-06 00:14:55,019: log_options() 'quotes_favorites_file = /home/pd0rk1n/.config/variety/favorite_quotes.txt'
INFO: 2026-08-06 00:14:55,019: log_options() 'quotes_font = Serif 30'
INFO: 2026-08-06 00:14:55,019: log_options() 'quotes_hpos = 100'
INFO: 2026-08-06 00:14:55,019: log_options() 'quotes_max_length = 250'
INFO: 2026-08-06 00:14:55,019: log_options() 'quotes_tags = '
INFO: 2026-08-06 00:14:55,019: log_options() 'quotes_text_color = [255, 255, 255]'
INFO: 2026-08-06 00:14:55,019: log_options() 'quotes_text_shadow = False'
INFO: 2026-08-06 00:14:55,019: log_options() 'quotes_vpos = 40'
INFO: 2026-08-06 00:14:55,019: log_options() 'quotes_width = 70'
INFO: 2026-08-06 00:14:55,019: log_options() 'safe_mode = False'
INFO: 2026-08-06 00:14:55,019: log_options() 'set_lock_screen_script = /home/pd0rk1n/.config/variety/scripts/set_lock_screen'
INFO: 2026-08-06 00:14:55,019: log_options() 'set_wallpaper_script = /home/pd0rk1n/.config/variety/scripts/set_wallpaper_kiro'
INFO: 2026-08-06 00:14:55,019: log_options() 'slideshow_custom_enabled = False'
INFO: 2026-08-06 00:14:55,019: log_options() 'slideshow_custom_folder = /home/pd0rk1n/Pictures'
INFO: 2026-08-06 00:14:55,019: log_options() 'slideshow_downloads_enabled = False'
INFO: 2026-08-06 00:14:55,019: log_options() 'slideshow_fade = 0.4'
INFO: 2026-08-06 00:14:55,019: log_options() 'slideshow_favorites_enabled = True'
INFO: 2026-08-06 00:14:55,019: log_options() 'slideshow_mode = Fullscreen'
INFO: 2026-08-06 00:14:55,019: log_options() 'slideshow_monitor = All'
INFO: 2026-08-06 00:14:55,019: log_options() 'slideshow_pan = 0.05'
INFO: 2026-08-06 00:14:55,019: log_options() 'slideshow_seconds = 6.0'
INFO: 2026-08-06 00:14:55,019: log_options() 'slideshow_sort_order = Random'
INFO: 2026-08-06 00:14:55,019: log_options() 'slideshow_sources_enabled = True'
INFO: 2026-08-06 00:14:55,019: log_options() 'slideshow_zoom = 0.2'
INFO: 2026-08-06 00:14:55,019: log_options() 'smart_enabled = False'
INFO: 2026-08-06 00:14:55,019: log_options() 'smart_notice_shown = False'
INFO: 2026-08-06 00:14:55,019: log_options() 'smart_register_shown = False'
INFO: 2026-08-06 00:14:55,019: log_options() 'sources = [[True, 'favorites', 'The Favorites folder'], [True, 'fetched', 'The Fetched folder'], [False, 'folder', '/usr/share/backgrounds'], [False, 'apod', "NASA's Astronomy Picture of the Day"], [False, 'bing', 'Bing Photo of the Day'], [False, 'earthview', 'Google Earth View Wallpapers'], [False, 'unsplash', 'High-resolution photos from Unsplash.com'], [True, 'wallhaven', 'space'], [True, 'wallhaven', 'minimal'], [True, 'wallhaven', 'scifi'], [True, 'wallhaven', 'simple'], [True, 'wallhaven', 'abstract'], [False, 'flickr', 'user:www.flickr.com/photos/peter-levi/;user_id:93647178@N00;'], [False, 'natgeo', "National Geographic's photo of the day"]]'
INFO: 2026-08-06 00:14:55,019: log_options() 'stats_enabled = True'
INFO: 2026-08-06 00:14:55,019: log_options() 'stats_notice_shown = False'
INFO: 2026-08-06 00:14:55,019: log_options() 'sync_enabled = True'
INFO: 2026-08-06 00:14:55,019: log_options() 'use_landscape_enabled = True'
INFO: 2026-08-06 00:14:55,019: log_options() 'wallhaven_api_key = '
INFO: 2026-08-06 00:14:55,019: log_options() 'wallpaper_auto_rotate = True'
INFO: 2026-08-06 00:14:55,019: log_options() 'wallpaper_display_mode = os'
INFO: 2026-08-06 00:14:55,019: reload_config() 'No need to clear prepared queue'
INFO: 2026-08-06 00:14:55,019: update_indicator() 'Setting file info to: /home/pd0rk1n/.config/variety/Downloaded/wallhaven_space/wallhaven-q231mr.jpg'
INFO: 2026-08-06 00:14:55,020: load_banned() 'Missing or invalid banned URLs list, no URLs will be banned'
INFO: 2026-08-06 00:14:55,020: load_last_change_time() 'Change interval < 6 hours, ignore persisted last_change_time, wait initially the whole interval: 300'
INFO: 2026-08-06 00:14:55,020: update_indicator() 'Setting file info to: /home/pd0rk1n/.config/variety/Downloaded/wallhaven_space/wallhaven-q231mr.jpg'
INFO: 2026-08-06 00:14:55,021: regular_change_thread() 'regular_change thread running'
INFO: 2026-08-06 00:14:55,021: prepare_thread() 'Prepare thread running'
INFO: 2026-08-06 00:14:55,021: prepare_thread() 'Prepared buffer contains 0 images'
INFO: 2026-08-06 00:14:55,021: prepare_thread() 'Preparing some images'
INFO: 2026-08-06 00:14:55,023: update_indicator_icon() 'Creating indicator'
WARNING: 2026-08-06 00:14:55,058: create_menu() 'Variety Slideshow is not installed. This is an optional extension adding pan-and-zoom slideshows to Variety: see https://github.com/peterlevi/variety-slideshow for details'
INFO: 2026-08-06 00:14:55,058: create_indicator() 'indicator backend: AppIndicator3'
INFO: 2026-08-06 00:14:55,076: set_from_theme_icon() 'Showing indicator icon variety-indicator from GTK theme'
INFO: 2026-08-06 00:14:55,121: do_set_wp() 'Calling do_set_wp with /home/pd0rk1n/.config/variety/Downloaded/wallhaven_space/wallhaven-q231mr.jpg, time: 1785989695.1219594'
INFO: 2026-08-06 00:14:55,123: apply_auto_rotate() 'ImageMagick auto-rotate cmd: ['/usr/bin/magick', '/home/pd0rk1n/.config/variety/Downloaded/wallhaven_space/wallhaven-q231mr.jpg', '-auto-orient', '/home/pd0rk1n/.config/variety/wallpaper/wallpaper-auto-rotated-5a9c0b47cd581a6c3f321671dee50ae6.jpg']'
ERROR: 2026-08-06 00:14:55,531: get_desktop_wallpaper() 'Exception when calling get_wallpaper script'
Traceback (most recent call last):
  File "/usr/lib/python3.14/site-packages/variety/VarietyWindow.py", line 2722, in get_desktop_wallpaper
    output = subprocess.check_output(script).decode().strip()
             ~~~~~~~~~~~~~~~~~~~~~~~^^^^^^^^
  File "/usr/lib/python3.14/subprocess.py", line 473, in check_output
    return run(*popenargs, stdout=PIPE, timeout=timeout, check=True,
           ~~~^^^^^^^^^^^^^^^^^^^^^^^^^^^^^^^^^^^^^^^^^^^^^^^^^^^^^^
               **kwargs).stdout
               ^^^^^^^^^
  File "/usr/lib/python3.14/subprocess.py", line 578, in run
    raise CalledProcessError(retcode, process.args,
                             output=stdout, stderr=stderr)
subprocess.CalledProcessError: Command '/home/pd0rk1n/.config/variety/scripts/get_wallpaper_kiro' returned non-zero exit status 1.
INFO: 2026-08-06 00:14:55,534: update_indicator() 'Setting file info to: /home/pd0rk1n/.config/variety/Downloaded/wallhaven_space/wallhaven-q231mr.jpg'
INFO: 2026-08-06 00:14:55,535: list_files() 'More than 1 files in the folders, stop listing'
INFO: 2026-08-06 00:14:56,600: reload() 'Reloading preferences dialog'
INFO: 2026-08-06 00:15:00,021: set_wallpaper() 'Calling set_wallpaper with /home/pd0rk1n/.config/variety/Downloaded/wallhaven_simple/wallhaven-jx5lp5.jpg'
INFO: 2026-08-06 00:15:00,022: do_set_wp() 'Calling do_set_wp with /home/pd0rk1n/.config/variety/Downloaded/wallhaven_simple/wallhaven-jx5lp5.jpg, time: 1785989700.0222769'
INFO: 2026-08-06 00:15:00,022: apply_auto_rotate() 'ImageMagick auto-rotate cmd: ['/usr/bin/magick', '/home/pd0rk1n/.config/variety/Downloaded/wallhaven_simple/wallhaven-jx5lp5.jpg', '-auto-orient', '/home/pd0rk1n/.config/variety/wallpaper/wallpaper-auto-rotated-b7a96efe62824bc35d3cc630caf15f71.jpg']'
ERROR: 2026-08-06 00:15:00,313: get_desktop_wallpaper() 'Exception when calling get_wallpaper script'
Traceback (most recent call last):
  File "/usr/lib/python3.14/site-packages/variety/VarietyWindow.py", line 2722, in get_desktop_wallpaper
    output = subprocess.check_output(script).decode().strip()
             ~~~~~~~~~~~~~~~~~~~~~~~^^^^^^^^
  File "/usr/lib/python3.14/subprocess.py", line 473, in check_output
    return run(*popenargs, stdout=PIPE, timeout=timeout, check=True,
           ~~~^^^^^^^^^^^^^^^^^^^^^^^^^^^^^^^^^^^^^^^^^^^^^^^^^^^^^^
               **kwargs).stdout
               ^^^^^^^^^
  File "/usr/lib/python3.14/subprocess.py", line 578, in run
    raise CalledProcessError(retcode, process.args,
                             output=stdout, stderr=stderr)
subprocess.CalledProcessError: Command '/home/pd0rk1n/.config/variety/scripts/get_wallpaper_kiro' returned non-zero exit status 1.
INFO: 2026-08-06 00:15:00,314: update_indicator() 'Setting file info to: /home/pd0rk1n/.config/variety/Downloaded/wallhaven_simple/wallhaven-jx5lp5.jpg'
INFO: 2026-08-06 00:15:00,315: list_files() 'More than 1 files in the folders, stop listing'
INFO: 2026-08-06 00:15:02,022: trigger_download() 'Triggering download thread to check if download needed and possible'
INFO: 2026-08-06 00:15:02,022: get_throttling() 'Wallhaven.cc: parsing serverside options'
INFO: 2026-08-06 00:15:02,022: get_throttling() 'Could not parse Wallhaven.cc serverside options, using defaults 360, 40'
INFO: 2026-08-06 00:15:02,022: get_throttling() 'Wallhaven.cc: parsing serverside options'
INFO: 2026-08-06 00:15:02,022: get_throttling() 'Could not parse Wallhaven.cc serverside options, using defaults 360, 40'
INFO: 2026-08-06 00:15:02,022: download_one() 'Wallhaven.cc: Downloading an image, config: simple'
INFO: 2026-08-06 00:15:02,022: download_one() 'Wallhaven.cc: Queue size: 0'
INFO: 2026-08-06 00:15:02,022: get_throttling() 'Wallhaven.cc: parsing serverside options'
INFO: 2026-08-06 00:15:02,022: get_throttling() 'Could not parse Wallhaven.cc serverside options, using defaults 360, 40'
INFO: 2026-08-06 00:15:02,022: download_one() 'Wallhaven.cc: Filling queue'
INFO: 2026-08-06 00:15:02,022: search() 'Performing wallhaven search: url=https://wallhaven.cc/api/v1/search?q=simple&categories=111&purity=100&sorting=favorites&order=desc'
INFO: 2026-08-06 00:15:02,464: fill_queue() '79389 wallpapers in result, using page 26'
INFO: 2026-08-06 00:15:02,464: search() 'Performing wallhaven search: url=https://wallhaven.cc/api/v1/search?q=simple&categories=111&purity=100&sorting=favorites&order=desc&page=26'
INFO: 2026-08-06 00:15:02,647: download_one() 'Wallhaven.cc: Queue populated with 12 URLs'
INFO: 2026-08-06 00:15:02,647: download_queue_item() 'Wallpaper URL: https://wallhaven.cc/w/p8jgym'
INFO: 2026-08-06 00:15:02,648: download_queue_item() 'Image src URL: https://w.wallhaven.cc/full/p8/wallhaven-p8jgym.jpg'
INFO: 2026-08-06 00:15:02,759: save_locally() 'Origin URL: https://wallhaven.cc/w/p8jgym'
INFO: 2026-08-06 00:15:02,759: save_locally() 'Image URL: https://w.wallhaven.cc/full/p8/wallhaven-p8jgym.jpg'
INFO: 2026-08-06 00:15:02,759: save_locally() 'Local path: /home/pd0rk1n/.config/variety/Downloaded/wallhaven_simple/wallhaven-p8jgym.jpg'
INFO: 2026-08-06 00:15:02,970: save_locally() 'Download complete'
INFO: 2026-08-06 00:15:02,971: update_indicator() 'Setting file info to: /home/pd0rk1n/.config/variety/Downloaded/wallhaven_simple/wallhaven-jx5lp5.jpg'
INFO: 2026-08-06 00:15:02,972: list_files() 'More than 1 files in the folders, stop listing'
INFO: 2026-08-06 00:15:03,012: download_one_from() 'Adding downloaded file /home/pd0rk1n/.config/variety/Downloaded/wallhaven_simple/wallhaven-p8jgym.jpg to unseen_downloads'
INFO: 2026-08-06 00:15:03,087: prepare_thread() 'After search prepared buffer contains 89 images'
INFO: 2026-08-06 00:15:03,087: prepare_thread() 'Prepared buffer contains 89 images'
INFO: 2026-08-06 00:15:05,087: trigger_download() 'Triggering download thread to check if download needed and possible'
INFO: 2026-08-06 00:15:05,087: trigger_download() 'Triggering download thread to check if download needed and possible'
INFO: 2026-08-06 00:15:15,022: server_options_thread() 'Fetching server options from https://raw.githubusercontent.com/varietywalls/variety/refs/heads/master/serverside/variety_server_options.json'
INFO: 2026-08-06 00:15:15,199: server_options_thread() 'Fetched server options: {'wallbase': {'min_fill_queue_interval': 1800, 'min_download_interval': 1800}, 'wallhaven': {'min_fill_queue_interval': 1800, 'min_download_interval': 1800}, 'wallpapers.net': {'min_fill_queue_interval': 601, 'min_download_interval': 0}, 'unsplash': {'min_fill_queue_interval': 20000000000, 'min_download_interval': 20000000000}, 'unsplash_v2': {'min_fill_queue_interval': 3600, 'min_download_interval': 1800}, 'status_message': {'0.0.1': '', '*': ''}}'
INFO: 2026-08-06 00:20:00,317: regular_change_thread() 'regular_change changes wallpaper'
INFO: 2026-08-06 00:20:00,318: set_wallpaper() 'Calling set_wallpaper with /home/pd0rk1n/.config/variety/Downloaded/wallhaven_abstract/wallhaven-4885vj.png'
INFO: 2026-08-06 00:20:00,318: prepare_thread() 'Prepared buffer contains 89 images'
INFO: 2026-08-06 00:20:00,318: do_set_wp() 'Calling do_set_wp with /home/pd0rk1n/.config/variety/Downloaded/wallhaven_abstract/wallhaven-4885vj.png, time: 1785990000.3189654'
INFO: 2026-08-06 00:20:00,319: apply_auto_rotate() 'ImageMagick auto-rotate cmd: ['/usr/bin/magick', '/home/pd0rk1n/.config/variety/Downloaded/wallhaven_abstract/wallhaven-4885vj.png', '-auto-orient', '/home/pd0rk1n/.config/variety/wallpaper/wallpaper-auto-rotated-ac8b2964f6c8f099743d135f9b673b1f.jpg']'
ERROR: 2026-08-06 00:20:00,481: get_desktop_wallpaper() 'Exception when calling get_wallpaper script'
Traceback (most recent call last):
  File "/usr/lib/python3.14/site-packages/variety/VarietyWindow.py", line 2722, in get_desktop_wallpaper
    output = subprocess.check_output(script).decode().strip()
             ~~~~~~~~~~~~~~~~~~~~~~~^^^^^^^^
  File "/usr/lib/python3.14/subprocess.py", line 473, in check_output
    return run(*popenargs, stdout=PIPE, timeout=timeout, check=True,
           ~~~^^^^^^^^^^^^^^^^^^^^^^^^^^^^^^^^^^^^^^^^^^^^^^^^^^^^^^
               **kwargs).stdout
               ^^^^^^^^^
  File "/usr/lib/python3.14/subprocess.py", line 578, in run
    raise CalledProcessError(retcode, process.args,
                             output=stdout, stderr=stderr)
subprocess.CalledProcessError: Command '/home/pd0rk1n/.config/variety/scripts/get_wallpaper_kiro' returned non-zero exit status 1.
INFO: 2026-08-06 00:20:00,483: update_indicator() 'Setting file info to: /home/pd0rk1n/.config/variety/Downloaded/wallhaven_abstract/wallhaven-4885vj.png'
INFO: 2026-08-06 00:20:00,485: list_files() 'More than 1 files in the folders, stop listing'
INFO: 2026-08-06 00:20:02,318: trigger_download() 'Triggering download thread to check if download needed and possible'
INFO: 2026-08-06 00:20:02,318: trigger_download() 'Triggering download thread to check if download needed and possible'
INFO: 2026-08-06 00:20:02,319: get_throttling() 'Wallhaven.cc: parsing serverside options'
INFO: 2026-08-06 00:20:02,319: get_throttling() 'Wallhaven.cc serverside options: {'min_fill_queue_interval': 1800, 'min_download_interval': 1800}'
INFO: 2026-08-06 00:20:02,319: get_throttling() 'Wallhaven.cc: parsing serverside options'
INFO: 2026-08-06 00:20:02,319: get_throttling() 'Wallhaven.cc serverside options: {'min_fill_queue_interval': 1800, 'min_download_interval': 1800}'
INFO: 2026-08-06 00:20:02,319: download_one() 'Wallhaven.cc: Downloading an image, config: abstract'
INFO: 2026-08-06 00:20:02,319: download_one() 'Wallhaven.cc: Queue size: 0'
INFO: 2026-08-06 00:20:02,319: get_throttling() 'Wallhaven.cc: parsing serverside options'
INFO: 2026-08-06 00:20:02,319: get_throttling() 'Wallhaven.cc serverside options: {'min_fill_queue_interval': 1800, 'min_download_interval': 1800}'
INFO: 2026-08-06 00:20:02,319: download_one() 'Wallhaven.cc: Filling queue'
INFO: 2026-08-06 00:20:02,319: search() 'Performing wallhaven search: url=https://wallhaven.cc/api/v1/search?q=abstract&categories=111&purity=100&sorting=favorites&order=desc'
INFO: 2026-08-06 00:20:02,857: fill_queue() '14549 wallpapers in result, using page 28'
INFO: 2026-08-06 00:20:02,857: search() 'Performing wallhaven search: url=https://wallhaven.cc/api/v1/search?q=abstract&categories=111&purity=100&sorting=favorites&order=desc&page=28'
INFO: 2026-08-06 00:20:03,201: download_one() 'Wallhaven.cc: Queue populated with 12 URLs'
INFO: 2026-08-06 00:20:03,201: download_queue_item() 'Wallpaper URL: https://wallhaven.cc/w/eywk5r'
INFO: 2026-08-06 00:20:03,201: download_queue_item() 'Image src URL: https://w.wallhaven.cc/full/ey/wallhaven-eywk5r.jpg'
INFO: 2026-08-06 00:20:03,508: save_locally() 'Origin URL: https://wallhaven.cc/w/eywk5r'
INFO: 2026-08-06 00:20:03,508: save_locally() 'Image URL: https://w.wallhaven.cc/full/ey/wallhaven-eywk5r.jpg'
INFO: 2026-08-06 00:20:03,508: save_locally() 'Local path: /home/pd0rk1n/.config/variety/Downloaded/wallhaven_abstract/wallhaven-eywk5r.jpg'
INFO: 2026-08-06 00:20:03,508: save_locally() 'File already exists, skip downloading'
INFO: 2026-08-06 00:23:04,509: get_throttling() 'Wallhaven.cc: parsing serverside options'
INFO: 2026-08-06 00:23:04,509: get_throttling() 'Wallhaven.cc serverside options: {'min_fill_queue_interval': 1800, 'min_download_interval': 1800}'
INFO: 2026-08-06 00:23:04,509: get_throttling() 'Wallhaven.cc: parsing serverside options'
INFO: 2026-08-06 00:23:04,509: get_throttling() 'Wallhaven.cc serverside options: {'min_fill_queue_interval': 1800, 'min_download_interval': 1800}'
INFO: 2026-08-06 00:23:04,509: download_one() 'Wallhaven.cc: Downloading an image, config: abstract'
INFO: 2026-08-06 00:23:04,509: download_one() 'Wallhaven.cc: Queue size: 11'
INFO: 2026-08-06 00:23:04,509: download_one() 'Wallhaven.cc: Queue populated with 11 URLs'
INFO: 2026-08-06 00:23:04,509: download_queue_item() 'Wallpaper URL: https://wallhaven.cc/w/949l84'
INFO: 2026-08-06 00:23:04,509: download_queue_item() 'Image src URL: https://w.wallhaven.cc/full/94/wallhaven-949l84.jpg'
INFO: 2026-08-06 00:23:04,611: save_locally() 'Origin URL: https://wallhaven.cc/w/949l84'
INFO: 2026-08-06 00:23:04,611: save_locally() 'Image URL: https://w.wallhaven.cc/full/94/wallhaven-949l84.jpg'
INFO: 2026-08-06 00:23:04,611: save_locally() 'Local path: /home/pd0rk1n/.config/variety/Downloaded/wallhaven_abstract/wallhaven-949l84.jpg'
INFO: 2026-08-06 00:23:04,914: save_locally() 'Download complete'
INFO: 2026-08-06 00:23:04,915: update_indicator() 'Setting file info to: /home/pd0rk1n/.config/variety/Downloaded/wallhaven_abstract/wallhaven-4885vj.png'
INFO: 2026-08-06 00:23:04,917: list_files() 'More than 1 files in the folders, stop listing'
INFO: 2026-08-06 00:23:04,979: download_one_from() 'Adding downloaded file /home/pd0rk1n/.config/variety/Downloaded/wallhaven_abstract/wallhaven-949l84.jpg to unseen_downloads'
INFO: 2026-08-06 00:25:00,486: regular_change_thread() 'regular_change changes wallpaper'
INFO: 2026-08-06 00:25:00,487: set_wallpaper() 'Calling set_wallpaper with /home/pd0rk1n/.config/variety/Downloaded/wallhaven_space/wallhaven-1p7p59.jpg'
INFO: 2026-08-06 00:25:00,487: prepare_thread() 'Prepared buffer contains 89 images'
INFO: 2026-08-06 00:25:00,488: do_set_wp() 'Calling do_set_wp with /home/pd0rk1n/.config/variety/Downloaded/wallhaven_space/wallhaven-1p7p59.jpg, time: 1785990300.4880106'
INFO: 2026-08-06 00:25:00,488: apply_auto_rotate() 'ImageMagick auto-rotate cmd: ['/usr/bin/magick', '/home/pd0rk1n/.config/variety/Downloaded/wallhaven_space/wallhaven-1p7p59.jpg', '-auto-orient', '/home/pd0rk1n/.config/variety/wallpaper/wallpaper-auto-rotated-f0ecbecb7405a07240d266c51588853f.jpg']'
ERROR: 2026-08-06 00:25:00,697: get_desktop_wallpaper() 'Exception when calling get_wallpaper script'
Traceback (most recent call last):
  File "/usr/lib/python3.14/site-packages/variety/VarietyWindow.py", line 2722, in get_desktop_wallpaper
    output = subprocess.check_output(script).decode().strip()
             ~~~~~~~~~~~~~~~~~~~~~~~^^^^^^^^
  File "/usr/lib/python3.14/subprocess.py", line 473, in check_output
    return run(*popenargs, stdout=PIPE, timeout=timeout, check=True,
           ~~~^^^^^^^^^^^^^^^^^^^^^^^^^^^^^^^^^^^^^^^^^^^^^^^^^^^^^^
               **kwargs).stdout
               ^^^^^^^^^
  File "/usr/lib/python3.14/subprocess.py", line 578, in run
    raise CalledProcessError(retcode, process.args,
                             output=stdout, stderr=stderr)
subprocess.CalledProcessError: Command '/home/pd0rk1n/.config/variety/scripts/get_wallpaper_kiro' returned non-zero exit status 1.
INFO: 2026-08-06 00:25:00,698: update_indicator() 'Setting file info to: /home/pd0rk1n/.config/variety/Downloaded/wallhaven_space/wallhaven-1p7p59.jpg'
INFO: 2026-08-06 00:25:00,699: list_files() 'More than 1 files in the folders, stop listing'
INFO: 2026-08-06 00:25:02,487: trigger_download() 'Triggering download thread to check if download needed and possible'
INFO: 2026-08-06 00:25:02,487: trigger_download() 'Triggering download thread to check if download needed and possible'
INFO: 2026-08-06 00:25:02,488: get_throttling() 'Wallhaven.cc: parsing serverside options'
INFO: 2026-08-06 00:25:02,488: get_throttling() 'Wallhaven.cc serverside options: {'min_fill_queue_interval': 1800, 'min_download_interval': 1800}'
INFO: 2026-08-06 00:25:02,488: get_throttling() 'Wallhaven.cc: parsing serverside options'
INFO: 2026-08-06 00:25:02,488: get_throttling() 'Wallhaven.cc serverside options: {'min_fill_queue_interval': 1800, 'min_download_interval': 1800}'
INFO: 2026-08-06 00:25:02,488: download_one() 'Wallhaven.cc: Downloading an image, config: space'
INFO: 2026-08-06 00:25:02,488: download_one() 'Wallhaven.cc: Queue size: 0'
INFO: 2026-08-06 00:25:02,488: get_throttling() 'Wallhaven.cc: parsing serverside options'
INFO: 2026-08-06 00:25:02,488: get_throttling() 'Wallhaven.cc serverside options: {'min_fill_queue_interval': 1800, 'min_download_interval': 1800}'
INFO: 2026-08-06 00:25:02,488: download_one() 'Wallhaven.cc: Filling queue'
INFO: 2026-08-06 00:25:02,488: search() 'Performing wallhaven search: url=https://wallhaven.cc/api/v1/search?q=space&categories=111&purity=100&sorting=favorites&order=desc'
INFO: 2026-08-06 00:25:02,889: fill_queue() '14192 wallpapers in result, using page 34'
INFO: 2026-08-06 00:25:02,889: search() 'Performing wallhaven search: url=https://wallhaven.cc/api/v1/search?q=space&categories=111&purity=100&sorting=favorites&order=desc&page=34'
INFO: 2026-08-06 00:25:03,034: download_one() 'Wallhaven.cc: Queue populated with 12 URLs'
INFO: 2026-08-06 00:25:03,034: download_queue_item() 'Wallpaper URL: https://wallhaven.cc/w/nedow4'
INFO: 2026-08-06 00:25:03,034: download_queue_item() 'Image src URL: https://w.wallhaven.cc/full/ne/wallhaven-nedow4.jpg'
INFO: 2026-08-06 00:25:03,131: save_locally() 'Origin URL: https://wallhaven.cc/w/nedow4'
INFO: 2026-08-06 00:25:03,131: save_locally() 'Image URL: https://w.wallhaven.cc/full/ne/wallhaven-nedow4.jpg'
INFO: 2026-08-06 00:25:03,131: save_locally() 'Local path: /home/pd0rk1n/.config/variety/Downloaded/wallhaven_space/wallhaven-nedow4.jpg'
INFO: 2026-08-06 00:25:03,338: save_locally() 'Download complete'
INFO: 2026-08-06 00:25:03,339: update_indicator() 'Setting file info to: /home/pd0rk1n/.config/variety/Downloaded/wallhaven_space/wallhaven-1p7p59.jpg'
INFO: 2026-08-06 00:25:03,340: list_files() 'More than 1 files in the folders, stop listing'
INFO: 2026-08-06 00:25:03,366: download_one_from() 'Adding downloaded file /home/pd0rk1n/.config/variety/Downloaded/wallhaven_space/wallhaven-nedow4.jpg to unseen_downloads'
