[INFO] Session log: /home/pd0rk1n/.config/archlinux-tweak-tool/logging_sessions/log_session_2026_08_21_23_08.log
[INFO] ATT application activated
[INFO] To unlock all features, add Chaotic-AUR and Nemesis repo to your pacman.conf.
For terminal operations and full transparency, alacritty must be installed
[INFO] Desktop: kde
[INFO] Full desktop detected — using HeaderBar titlebar
[SUB] Ensuring application directories
[SUB] Ensuring /root/.config directories
[SUB] Setting up icon/cursor theme defaults
[SUB] Setting up fastfetch config
[INFO] Building Accessibility page
[SUB] Backing up GTK + Qt theme config
[INFO]   ATT runs as root; copying user GTK 3/4 + Qt (Kvantum/qt5ct) config so apps respect your desktop theme
[SUB] Backing up system config files
[SUB] Backing up user config files
[SUB] Checking file permissions
[INFO] To unlock all features, add Chaotic-AUR and Nemesis repo to your pacman.conf.
[INFO] For terminal operations and full transparency, alacritty must be installed.
[SUB] Chaotic-AUR: keyring/mirrorlist missing — running setup
[INFO] Chaotic-AUR setup terminal closed — appending repo
[OK] Repository appended successfully
[INFO] Chaotic-AUR repo added to /etc/pacman.conf
[SUB] Updating pacman databases...
[OK] Pacman databases updated
[INFO] Plymouth: 12 installed theme(s)
[INFO] Plymouth: 85 AUR theme(s) available
[SUB] Tune /etc/makepkg.conf — use all 8 cores (-j8)
  File:          /etc/makepkg.conf
  New MAKEFLAGS: -j8
  Before:        MAKEFLAGS="-j$(nproc)"
  After:         MAKEFLAGS="-j8"
[OK] MAKEFLAGS set to -j8 in /etc/makepkg.conf
[INFO] Why this matters: MAKEFLAGS controls how many parallel jobs makepkg uses
[INFO] when building AUR packages or compiling from source. Arch ships
[INFO] '#MAKEFLAGS="-j2"' commented out, so the stock default is effectively
[INFO] single-threaded. On your 8-core CPU this leaves a lot of speed
[INFO] on the table — many AUR builds drop from minutes to seconds.
[TIP] To revert: click 'Restore backup' (uses /etc/makepkg.conf-bak).
[SUB] Install tuned
[OK] tuned installed and enabled
[SUB] Install tuned-ppd
[OK] tuned-ppd installed and enabled
[SUB] Enable tuned-ppd
[OK] tuned-ppd enabled
[SUB] Apply Tuned Profile
[OK] Tuned profile set to accelerator-performance
[SUB] Apply Tuned Profile
[OK] Tuned profile set to throughput-performance
[SUB] Install irqbalance
[INFO] Enabling service: irqbalance.service
[OK] irqbalance installed
[SUB] Enable irqbalance Service
[OK] irqbalance service enabled
[INFO] ananicy-cpp is already installed
[SUB] Enable ananicy Service
[OK] ananicy-cpp service enabled
[SUB] Install gamemode
[INFO] Enabling service: gamemoded.service (user service)
[OK] gamemode installed
[SUB] Enable gamemode Service
[OK] gamemode service enabled
[SUB] Install preload
[INFO] Enabling service: preload.service
[OK] preload installed and enabled
[SUB] Enable preload Service
[OK] preload service enabled
[SUB] Enable fstrim Timer
[OK] fstrim.timer enabled for weekly TRIM
[SUB] Reading user systemd services
[INFO]   42 active user services (1 custom)
[INFO] Shells tab loaded — active shell: fish
[INFO] Select all tools: on
[SUB] Install Extra Shell Applications
[INFO] Installing: expac ripgrep yay-git paru-git bat downgrade hw-probe rate-mirrors most fzf
[INFO]   expac                OK
[INFO]   ripgrep              OK
[INFO]   yay-git              NOT INSTALLED
[INFO]   paru-git             OK
[INFO]   bat                  OK
[INFO]   downgrade            OK
[INFO]   hw-probe             OK
[INFO]   rate-mirrors         OK
[INFO]   most                 OK
[INFO]   fzf                  OK
[OK] Extra shell applications done
[SUB] Installing fish-tweak-tool...
[OK] fish-tweak-tool installed
[SUB] Launching shelly...
[SUB] Installing flatpak...
[OK] flatpak installed successfully
[SUB] Launching flatpak...
[SUB] Apply ATT nanorc
[SUB] Backing up /etc/nanorc
[INFO] nanorc-bak already exists, skipping
[OK] ATT nanorc applied to /etc/nanorc
[SUB] Launching pacman cache cleanup...
[INFO] Removing leftover temp download folders from /var/cache/pacman/pkg/
[OK] Pacman cache cleaned
[SUB] Running hardware probe...
[OK] Hardware probe complete — see terminal for link
[INFO] ATT closing
