[INFO] Session log: /home/pd0rk1n/.config/archlinux-tweak-tool/logging_sessions/log_session_2026_08_21_22_21.log
[INFO] ATT application activated
[INFO] To unlock all features, add Chaotic-AUR and Nemesis repo to your pacman.conf.
For terminal operations and full transparency, alacritty must be installed
[INFO] Desktop: (unknown)
[INFO] Full desktop detected — using HeaderBar titlebar
[SUB] Ensuring application directories
[SUB] Ensuring /root/.config directories
[SUB] Setting up icon/cursor theme defaults
[SUB] Setting up fastfetch config
[INFO] Building Accessibility page
[SUB] Backing up GTK + Qt theme config
[INFO]   ATT runs as root; copying user GTK 3/4 + Qt (Kvantum/qt5ct) config so apps respect your desktop theme
[SUB] Backing up system config files
[SUB] Backing up user config files
[SUB] Checking file permissions
[INFO] To unlock all features, add Chaotic-AUR and Nemesis repo to your pacman.conf.
[INFO] For terminal operations and full transparency, alacritty must be installed.
[INFO] Building Backup page
[INFO] Building Btrfs page
[INFO] 65 celestial themes available to install
[INFO] Desktop — nemesis_repo: enabled, chaotic-aur: NOT enabled
[INFO] fastfetch is installed
[SUB] Install Samba
[SUB] Install Samba
[SUB] Apply Samba Configuration
  From: /usr/share/archlinux-tweak-tool/data/samba/example/smb.conf
  To:   /etc/samba/smb.conf
[INFO] Samba share path set to /home/pd0rk1n/Shared
[OK] Samba configuration applied
[SUB] Apply Samba Configuration
[SUB] Apply Samba Configuration
  From: /etc/samba/smb.conf
  To:   /etc/samba/smb.conf-bak
  From: /usr/share/archlinux-tweak-tool/data/samba/example/smb.conf
  To:   /etc/samba/smb.conf
[INFO] Samba share path set to /home/pd0rk1n/Shared
[OK] Samba configuration applied
[OK] Samba configuration applied successfully
[SUB] Create Samba User
[SUB] Create Samba User
[SUB] Toggle Samba Services
[OK] Samba services (smb + nmb) enabled
[SUB] Restart SMB Service
[SUB] SAMBA SERVICE RESTART - STATUS CHECKLIST
[OK] Samba services restarted successfully
[INFO] ATT closing
