[INFO] Session log: /home/pd0rk1n/.config/archlinux-tweak-tool/logging_sessions/log_session_2026_08_21_22_06.log
[INFO] ATT application activated
[INFO] To unlock all features, add Chaotic-AUR and Nemesis repo to your pacman.conf.
For terminal operations and full transparency, alacritty must be installed
[INFO] Desktop: (unknown)
[INFO] Full desktop detected — using HeaderBar titlebar
[SUB] Ensuring application directories
[SUB] Ensuring /root/.config directories
[SUB] Setting up icon/cursor theme defaults
[SUB] Setting up fastfetch config
[INFO] Building Accessibility page
[SUB] Backing up GTK + Qt theme config
[INFO]   ATT runs as root; copying user GTK 3/4 + Qt (Kvantum/qt5ct) config so apps respect your desktop theme
[SUB] Backing up system config files
  From: /usr/share/icons/default/index.theme
  To:   /usr/share/icons/default/index.theme-bak
  From: /etc/nsswitch.conf
  To:   /etc/nsswitch.conf-bak
  From: /etc/makepkg.conf
  To:   /etc/makepkg.conf-bak
[SUB] Backing up user config files
  From: /etc/pacman.d/mirrorlist
  To:   /etc/pacman.d/mirrorlist-bak
  From: /etc/hosts
  To:   /etc/hosts-bak
  From: /home/pd0rk1n/.bashrc
  To:   /home/pd0rk1n/.bashrc-bak
  From: /home/pd0rk1n/.zshrc
  To:   /home/pd0rk1n/.zshrc-bak
  From: /etc/pacman.conf
  To:   /etc/pacman.conf-bak
[SUB] Checking file permissions
[INFO] To unlock all features, add Chaotic-AUR and Nemesis repo to your pacman.conf.
[INFO] For terminal operations and full transparency, alacritty must be installed.
[INFO] Offering ATT nanorc at startup
[SUB] Applying ATT nanorc from startup prompt
[SUB] Backing up /etc/nanorc
[OK] nanorc backup created
[OK] ATT nanorc applied to /etc/nanorc
[INFO] 56 arc themes available to install
[SUB] Set the system-wide GTK theme (/etc/environment)
[INFO] Changed:  (none)  ->  GTK_THEME="Dracula"
[OK] Set GTK_THEME="Dracula" in /etc/environment
[INFO] LOG OUT and LOG BACK IN for the system-wide theme to apply.
[INFO] Building Backup page
[INFO] Building Btrfs page
[INFO] 65 celestial themes available to install
[INFO] Desktop — nemesis_repo: enabled, chaotic-aur: NOT enabled
[INFO] fastfetch is installed
[SUB] Fastfetch enabled
[OK] Fastfetch enabled in shell config
  From: /usr/share/archlinux-tweak-tool/data/fastfetch/config.jsonc
  To:   /home/pd0rk1n/.config/fastfetch/config.jsonc
[OK] Fastfetch ATT defaults applied
  From: /home/pd0rk1n/.config/fastfetch/config.jsonc-bak
  To:   /home/pd0rk1n/.config/fastfetch/config.jsonc
[OK] fastfetch default settings applied
  From: /home/pd0rk1n/.config/fastfetch/config.jsonc-bak
  To:   /home/pd0rk1n/.config/fastfetch/config.jsonc
[OK] fastfetch default settings applied
[INFO] Neo Candy icons available to install: 96
[SUB] Installing selected Neo Candy icon themes...
[INFO] chaotic-aur is not enabled — enable it in the Pacman tab for full icon theme support
[SUB] Installing 2 Neo Candy icon packages...
[INFO]   neo-candy-dracul-icons-git, neo-candy-icons-git
[OK] Neo Candy icons installation complete
[INFO] ATT closing
