[INFO] Session log: /home/pd0rk1n/.config/archlinux-tweak-tool/logging_sessions/log_session_2026_07_26_23_27.log
[INFO] ATT application activated
[INFO] To unlock all features, add Chaotic-AUR and Nemesis repo to your pacman.conf.
For terminal operations and full transparency, alacritty must be installed
[INFO] Desktop: (unknown)
[INFO] Full desktop detected — using HeaderBar titlebar
[SUB] Ensuring application directories
[SUB] Ensuring /root/.config directories
[SUB] Setting up icon/cursor theme defaults
[SUB] Setting up fastfetch config
[INFO] Building Accessibility page
[SUB] Backing up GTK + Qt theme config
[INFO]   ATT runs as root; copying user GTK 3/4 + Qt (Kvantum/qt5ct) config so apps respect your desktop theme
[SUB] Backing up system config files
  From: /etc/sddm.conf
  To:   /etc/sddm.conf-bak
  From: /etc/sddm.conf.d/
  To:   /etc/sddm.conf.d-bak
  From: /usr/share/icons/default/index.theme
  To:   /usr/share/icons/default/index.theme-bak
  From: /etc/nsswitch.conf
  To:   /etc/nsswitch.conf-bak
  From: /etc/makepkg.conf
  To:   /etc/makepkg.conf-bak
[SUB] Backing up user config files
  From: /home/pd0rk1n/.config/fish/config.fish
  To:   /home/pd0rk1n/.config/fish/config.fish-bak
  From: /etc/pacman.d/mirrorlist
  To:   /etc/pacman.d/mirrorlist-bak
  From: /etc/hosts
  To:   /etc/hosts-bak
  From: /home/pd0rk1n/.config/fastfetch/config.jsonc
  To:   /home/pd0rk1n/.config/fastfetch/config.jsonc-bak
  From: /home/pd0rk1n/.bashrc
  To:   /home/pd0rk1n/.bashrc-bak
  From: /home/pd0rk1n/.zshrc
  To:   /home/pd0rk1n/.zshrc-bak
  From: /etc/pacman.conf
  To:   /etc/pacman.conf-bak
  From: /home/pd0rk1n/.config/alacritty/alacritty.toml
  To:   /home/pd0rk1n/.config/alacritty/alacritty.toml-bak
  From: /home/pd0rk1n/.config/variety/variety.conf
  To:   /home/pd0rk1n/.config/variety/variety.conf-bak
  From: /home/pd0rk1n/.config/variety/scripts
  To:   /home/pd0rk1n/.config/variety/scripts-bak
[SUB] Checking file permissions
[INFO] To unlock all features, add Chaotic-AUR and Nemesis repo to your pacman.conf.
[INFO] For terminal operations and full transparency, alacritty must be installed.
[INFO] Building Backup page
[INFO] Building Btrfs page
[INFO] fastfetch-git is installed
[SUB] Fastfetch enabled
[OK] Fastfetch enabled in shell config
  From: /usr/share/archlinux-tweak-tool/data/fastfetch/config.jsonc
  To:   /home/pd0rk1n/.config/fastfetch/config.jsonc
[OK] Fastfetch ATT defaults applied
[SUB] Applying global cursor theme...
Cursor theme 'elementary' applied to:
  ✓ /usr/share/icons/default/index.theme
  ✓ /home/pd0rk1n/.icons/default/index.theme
  ✓ /home/pd0rk1n/.config/gtk-3.0/settings.ini
  ✓ /home/pd0rk1n/.config/gtk-4.0/settings.ini
  ✓ /home/pd0rk1n/.gtkrc-2.0
  ✓ /home/pd0rk1n/.config/xfce4/xfconf/xfce-perchannel-xml/xsettings.xml
  ✓ gsettings:pd0rk1n:org.gnome.desktop.interface
  ✓ /etc/sddm.conf.d/kde_settings.conf
  ✓ /usr/lib/sddm/sddm.conf.d/default.conf
[OK] Cursor 'elementary' saved globally
[SUB] Apply Parallel Downloads
[SUB] Setting parallel downloads...
  Value : 30
  File  : /etc/pacman.conf
[OK] ParallelDownloads = 30 saved to /etc/pacman.conf
[SUB] Launching pacman cache cleanup...
[OK] Pacman cache cleaned
[SUB] Enable Repository: cachyos
[OK] Repository cachyos enabled successfully
[SUB] Updating pacman databases...
[OK] Pacman databases updated
[SUB] Enable Repository: multilib
[OK] Repository multilib enabled successfully
[SUB] Updating pacman databases...
[OK] Pacman databases updated
[SUB] Updating pacman databases...
[OK] Pacman databases updated
[SUB] Starting system update...
[OK] System update completed
[SUB] Setting fastest Arch Linux mirrors with rate-mirrors...
[OK] Fastest Arch Linux servers saved - rate-mirrors
[SUB] Fixing pacman keys...
[OK] Pacman keys fixed
[SUB] Install Samba
[SUB] Install Samba
[SUB] Apply Samba Configuration
  From: /usr/share/archlinux-tweak-tool/data/samba/example/smb.conf
  To:   /etc/samba/smb.conf
[INFO] Samba share path set to /home/pd0rk1n/Shared
[OK] Samba configuration applied
[SUB] Apply Samba Configuration
[SUB] Apply Samba Configuration
  From: /etc/samba/smb.conf
  To:   /etc/samba/smb.conf-bak
  From: /usr/share/archlinux-tweak-tool/data/samba/example/smb.conf
  To:   /etc/samba/smb.conf
[INFO] Samba share path set to /home/pd0rk1n/Shared
[OK] Samba configuration applied
[OK] Samba configuration applied successfully
[SUB] Create Samba User
[SUB] Create Samba User
[SUB] Toggle Samba Services
[OK] Samba services (smb + nmb) enabled
[INFO] Plymouth: 11 installed theme(s)
[INFO] Plymouth: 84 AUR theme(s) available
[SUB] Install uBlock Origin
[INFO] hblock is already installed
[SUB] Enable hblock
[OK] hblock enabled
[SUB] Tune /etc/makepkg.conf — use all 4 cores (-j4)
  File:          /etc/makepkg.conf
  New MAKEFLAGS: -j4
  Before:        MAKEFLAGS="-j4"
  After:         MAKEFLAGS="-j4"
[OK] MAKEFLAGS set to -j4 in /etc/makepkg.conf
[INFO] Why this matters: MAKEFLAGS controls how many parallel jobs makepkg uses
[INFO] when building AUR packages or compiling from source. Arch ships
[INFO] '#MAKEFLAGS="-j2"' commented out, so the stock default is effectively
[INFO] single-threaded. On your 4-core CPU this leaves a lot of speed
[INFO] on the table — many AUR builds drop from minutes to seconds.
[TIP] To revert: click 'Restore backup' (uses /etc/makepkg.conf-bak).
[SUB] Install gamemode
[INFO] Enabling service: gamemoded.service (user service)
[OK] gamemode installed
[SUB] Enable gamemode Service
[OK] gamemode service enabled
[SUB] Install preload
[INFO] Enabling service: preload.service
[OK] preload installed and enabled
[SUB] Enable preload Service
[OK] preload service enabled
[INFO] SDDM available themes: querying yay (use_aur=True)...
[INFO] SDDM available themes found: 75 themes
[SUB] Reading user systemd services
[INFO]   21 active user services (0 custom)
[INFO] Shells tab loaded — active shell: fish
[SUB] Installing bash and bash-completion...
[OK] Installation completed
[SUB] Apply ATT Bash Configuration
  From: /usr/share/archlinux-tweak-tool/data/.bashrc
  To:   /home/pd0rk1n/.bashrc
[OK] ATT bash configuration applied — log out and back in to apply
[SUB] Installing shelly...
[OK] shelly installed successfully
[SUB] Launching shelly...
[SUB] Installing flatpak...
[OK] flatpak installed successfully
[SUB] Launching flatpak...
[SUB] Apply ATT nanorc
[SUB] Backing up /etc/nanorc
[OK] nanorc backup created
[OK] ATT nanorc applied to /etc/nanorc
[INFO] edu-powermenu is already installed
[INFO] Refreshing themer dropdowns after desktop change...
[OK] Themer dropdowns refreshed
[INFO] ISO page loaded — Kiro ISO Builder showcase
[SUB] Launching Kiro ISO Builder...
[INFO] ATT closing
