[INFO] Session log: /home/pd0rk1n/.config/archlinux-tweak-tool/logging_sessions/log_session_2026_07_28_21_16.log
[INFO] ATT application activated
[INFO] To unlock all features, add Chaotic-AUR and Nemesis repo to your pacman.conf.
For terminal operations and full transparency, alacritty must be installed
[INFO] Desktop: (unknown)
[INFO] Full desktop detected — using HeaderBar titlebar
[SUB] Ensuring application directories
[SUB] Ensuring /root/.config directories
[SUB] Setting up icon/cursor theme defaults
[SUB] Setting up fastfetch config
[INFO] Building Accessibility page
[SUB] Backing up GTK + Qt theme config
[INFO]   ATT runs as root; copying user GTK 3/4 + Qt (Kvantum/qt5ct) config so apps respect your desktop theme
[SUB] Backing up system config files
  From: /etc/sddm.conf
  To:   /etc/sddm.conf-bak
  From: /etc/sddm.conf.d/
  To:   /etc/sddm.conf.d-bak
  From: /usr/share/icons/default/index.theme
  To:   /usr/share/icons/default/index.theme-bak
  From: /etc/nsswitch.conf
  To:   /etc/nsswitch.conf-bak
  From: /etc/makepkg.conf
  To:   /etc/makepkg.conf-bak
[SUB] Backing up user config files
  From: /etc/pacman.d/mirrorlist
  To:   /etc/pacman.d/mirrorlist-bak
  From: /etc/hosts
  To:   /etc/hosts-bak
  From: /home/pd0rk1n/.bashrc
  To:   /home/pd0rk1n/.bashrc-bak
  From: /home/pd0rk1n/.zshrc
  To:   /home/pd0rk1n/.zshrc-bak
  From: /etc/pacman.conf
  To:   /etc/pacman.conf-bak
[SUB] Checking file permissions
[INFO] To unlock all features, add Chaotic-AUR and Nemesis repo to your pacman.conf.
[INFO] For terminal operations and full transparency, alacritty must be installed.
[INFO] 56 arc themes available to install
[INFO] Building Backup page
[INFO] 65 celestial themes available to install
[INFO] Desktop — nemesis_repo: enabled, chaotic-aur: enabled
[INFO] fastfetch-git is installed
[SUB] Fastfetch enabled
[OK] Fastfetch enabled in shell config
  From: /usr/share/archlinux-tweak-tool/data/fastfetch/config.jsonc
  To:   /home/pd0rk1n/.config/fastfetch/config.jsonc
[OK] Fastfetch ATT defaults applied
[INFO] Neo Candy icons available to install: 96
[SUB] Installing selected Neo Candy icon themes...
[SUB] Installing 2 Neo Candy icon packages...
[INFO]   neo-candy-dracul-icons-git, neo-candy-icons-git
[OK] Neo Candy icons installation complete
[INFO] ISO page loaded — Kiro ISO Builder showcase
[INFO] kiro-iso-builder is already installed
[INFO] Kernels page: CPU Scheduler (scx-manager) pointer shown
[INFO] Kernels available to install: 35 total (6 standard, 29 chaotic-AUR)
[SUB] GRUB Boot Entry Selector
[INFO] GRUB entries found: 9, current default: None
[WARN] GRUB_DEFAULT is not set to 'saved' — will fix automatically on Set as Default.
[SUB] Installing kernel: linux-cachyos
[OK] Installation completed for linux-cachyos
[SUB] Updating GRUB...
[OK] GRUB_DEFAULT=saved written to /etc/default/grub
[INFO] Setting GRUB default boot entry to: kiro Linux, with Linux linux-cachyos (index 1>0)
[SUB] Updating GRUB...
[OK] GRUB default boot entry set to: kiro Linux, with Linux linux-cachyos — Reboot to verify
[SUB] Starting system update...
[OK] System update completed
[SUB] Launching pacman cache cleanup...
[OK] Pacman cache cleaned
[SUB] Setting fastest Arch Linux mirrors with rate-mirrors...
[OK] Fastest Arch Linux servers saved - rate-mirrors
[SUB] Fixing pacman keys...
[OK] Pacman keys fixed
[SUB] Apply Parallel Downloads
[SUB] Setting parallel downloads...
  Value : 30
  File  : /etc/pacman.conf
[OK] ParallelDownloads = 30 saved to /etc/pacman.conf
[SUB] Applying global cursor theme...
Cursor theme 'elementary' applied to:
  ✓ /usr/share/icons/default/index.theme
  ✓ /home/pd0rk1n/.icons/default/index.theme
  ✓ /home/pd0rk1n/.config/gtk-3.0/settings.ini
  ✓ /home/pd0rk1n/.config/gtk-4.0/settings.ini
  ✓ /home/pd0rk1n/.gtkrc-2.0
  ✓ /home/pd0rk1n/.config/xfce4/xfconf/xfce-perchannel-xml/xsettings.xml
  ✓ gsettings:pd0rk1n:org.gnome.desktop.interface
  ✓ /etc/sddm.conf.d/kde_settings.conf
  ✓ /usr/lib/sddm/sddm.conf.d/default.conf
[OK] Cursor 'elementary' saved globally
[SUB] Enable Repository: multilib
[OK] Repository multilib enabled successfully
[SUB] Updating pacman databases...
[OK] Pacman databases updated
[SUB] Enable Repository: cachyos
[OK] Repository cachyos enabled successfully
[SUB] Updating pacman databases...
[OK] Pacman databases updated
[SUB] Install uBlock Origin
[SUB] Tune /etc/makepkg.conf — use all 4 cores (-j4)
  File:          /etc/makepkg.conf
  New MAKEFLAGS: -j4
  Before:        MAKEFLAGS="-j4"
  After:         MAKEFLAGS="-j4"
[OK] MAKEFLAGS set to -j4 in /etc/makepkg.conf
[INFO] Why this matters: MAKEFLAGS controls how many parallel jobs makepkg uses
[INFO] when building AUR packages or compiling from source. Arch ships
[INFO] '#MAKEFLAGS="-j2"' commented out, so the stock default is effectively
[INFO] single-threaded. On your 4-core CPU this leaves a lot of speed
[INFO] on the table — many AUR builds drop from minutes to seconds.
[TIP] To revert: click 'Restore backup' (uses /etc/makepkg.conf-bak).
[SUB] Install gamemode
[INFO] Enabling service: gamemoded.service (user service)
[OK] gamemode installed
[SUB] Enable gamemode Service
[OK] gamemode service enabled
[SUB] Install preload
[INFO] Enabling service: preload.service
[OK] preload installed and enabled
[SUB] Enable preload Service
[OK] preload service enabled
[SUB] Enable fstrim Timer
[OK] fstrim.timer enabled for weekly TRIM
[INFO] SDDM available themes: querying yay (use_aur=True)...
[INFO] SDDM available themes found: 75 themes
[SUB] Reading user systemd services
[INFO]   17 active user services (0 custom)
[INFO] Shells tab loaded — active shell: fish
[SUB] Apply ATT nanorc
[SUB] Backing up /etc/nanorc
[OK] nanorc backup created
[OK] ATT nanorc applied to /etc/nanorc
[SUB] Install Samba
[SUB] Install Samba
[SUB] Apply Samba Configuration
  From: /usr/share/archlinux-tweak-tool/data/samba/example/smb.conf
  To:   /etc/samba/smb.conf
[INFO] Samba share path set to /home/pd0rk1n/Shared
[OK] Samba configuration applied
[SUB] Apply Samba Configuration
[SUB] Apply Samba Configuration
  From: /etc/samba/smb.conf
  To:   /etc/samba/smb.conf-bak
  From: /usr/share/archlinux-tweak-tool/data/samba/example/smb.conf
  To:   /etc/samba/smb.conf
[INFO] Samba share path set to /home/pd0rk1n/Shared
[OK] Samba configuration applied
[OK] Samba configuration applied successfully
[SUB] Create Samba User
[SUB] Create Samba User
[SUB] Toggle Samba Services
[OK] Samba services (smb + nmb) enabled
[INFO] ATT closing
