[INFO] Session log: /home/pd0rk1n/.config/archlinux-tweak-tool/logging_sessions/log_session_2026_07_26_23_58.log
[INFO] ATT application activated
[INFO] To unlock all features, add Chaotic-AUR and Nemesis repo to your pacman.conf.
For terminal operations and full transparency, alacritty must be installed
[INFO] Desktop: (unknown)
[INFO] Full desktop detected — using HeaderBar titlebar
[SUB] Ensuring application directories
[SUB] Ensuring /root/.config directories
[SUB] Setting up icon/cursor theme defaults
[SUB] Setting up fastfetch config
[INFO] Building Accessibility page
[SUB] Backing up GTK + Qt theme config
[INFO]   ATT runs as root; copying user GTK 3/4 + Qt (Kvantum/qt5ct) config so apps respect your desktop theme
[SUB] Backing up system config files
[SUB] Backing up user config files
[SUB] Checking file permissions
[INFO] To unlock all features, add Chaotic-AUR and Nemesis repo to your pacman.conf.
[INFO] For terminal operations and full transparency, alacritty must be installed.
[INFO] 56 arc themes available to install
[INFO] Building Btrfs page
[SUB] Enabling Kiro btrfs snapshots
[OK] Btrfs snapshot setup finished
[INFO] Desktop — nemesis_repo: enabled, chaotic-aur: enabled
[INFO] fastfetch-git is installed
[INFO] Building Icons Horst page (Surfn + Neo Candy Horst folder variants)
[SUB] Installing selected Neo Candy icon themes...
[SUB] Installing 1 Neo Candy icon packages...
[INFO]   neo-candy-horst-blue-icons-git
[OK] Neo Candy icons installation complete
[INFO] Neo Candy icons available to install: 96
[INFO] Surfn icons available to install: 102
[INFO] Kernels page: CPU Scheduler (scx-manager) pointer shown
[INFO] Kernels available to install: 35 total (6 standard, 29 chaotic-AUR)
[SUB] GRUB Boot Entry Selector
[INFO] GRUB entries found: 9, current default: None
[WARN] GRUB_DEFAULT is not set to 'saved' — will fix automatically on Set as Default.
[SUB] Scan for CachyOS kernels
[OK] CachyOS kernels loaded: 45 kernel(s).
[SUB] Installing kernel: linux-cachyos
[OK] Installation completed for linux-cachyos
[SUB] Updating GRUB...
[OK] GRUB_DEFAULT=saved written to /etc/default/grub
[INFO] Setting GRUB default boot entry to: kiro Linux, with Linux linux-cachyos (index 1>0)
[SUB] Updating GRUB...
[OK] GRUB default boot entry set to: kiro Linux, with Linux linux-cachyos — Reboot to verify
[INFO] Setting GRUB default boot entry to: kiro Linux, with Linux linux-cachyos (index 1>0)
[OK] GRUB default boot entry set to: kiro Linux, with Linux linux-cachyos — Reboot to verify
[INFO] ATT closing
