[INFO] Session log: /home/pd0rk1n/.config/archlinux-tweak-tool/logging_sessions/log_session_2026_07_29_22_42.log
[INFO] ATT application activated
[INFO] To unlock all features, add Chaotic-AUR and Nemesis repo to your pacman.conf.
For terminal operations and full transparency, alacritty must be installed
[INFO] Desktop: kde
[INFO] Full desktop detected — using HeaderBar titlebar
[SUB] Ensuring application directories
[SUB] Ensuring /root/.config directories
[SUB] Setting up icon/cursor theme defaults
[SUB] Setting up fastfetch config
[INFO] Building Accessibility page
[SUB] Backing up GTK + Qt theme config
[INFO]   ATT runs as root; copying user GTK 3/4 + Qt (Kvantum/qt5ct) config so apps respect your desktop theme
[SUB] Backing up system config files
  From: /usr/share/icons/default/index.theme
  To:   /usr/share/icons/default/index.theme-bak
  From: /etc/nsswitch.conf
  To:   /etc/nsswitch.conf-bak
  From: /etc/makepkg.conf
  To:   /etc/makepkg.conf-bak
[SUB] Backing up user config files
  From: /etc/pacman.d/mirrorlist
  To:   /etc/pacman.d/mirrorlist-bak
  From: /etc/hosts
  To:   /etc/hosts-bak
  From: /home/pd0rk1n/.bashrc
  To:   /home/pd0rk1n/.bashrc-bak
  From: /home/pd0rk1n/.zshrc
  To:   /home/pd0rk1n/.zshrc-bak
  From: /etc/pacman.conf
  To:   /etc/pacman.conf-bak
[SUB] Checking file permissions
[INFO] To unlock all features, add Chaotic-AUR and Nemesis repo to your pacman.conf.
[INFO] For terminal operations and full transparency, alacritty must be installed.
[INFO] Offering ATT nanorc at startup
[SUB] Applying ATT nanorc from startup prompt
[SUB] Backing up /etc/nanorc
[OK] nanorc backup created
[OK] ATT nanorc applied to /etc/nanorc
[SUB] Chaotic-AUR: keyring/mirrorlist missing — running setup
[INFO] Chaotic-AUR setup terminal closed — appending repo
[OK] Repository appended successfully
[INFO] Chaotic-AUR repo added to /etc/pacman.conf
[SUB] Updating pacman databases...
[OK] Pacman databases updated
[SUB] Updating pacman databases...
[OK] Pacman databases updated
[INFO] ATT closing
