[INFO] Session log: /home/pd0rk1n/.config/archlinux-tweak-tool/logging_sessions/log_session_2026_08_21_20_15.log
[INFO] ATT application activated
[INFO] To unlock all features, add Chaotic-AUR and Nemesis repo to your pacman.conf.
For terminal operations and full transparency, alacritty must be installed
[INFO] Desktop: kde
[INFO] Full desktop detected — using HeaderBar titlebar
[SUB] Ensuring application directories
[SUB] Ensuring /root/.config directories
[SUB] Setting up icon/cursor theme defaults
[SUB] Setting up fastfetch config
[INFO] Building Accessibility page
[SUB] Backing up GTK + Qt theme config
[INFO]   ATT runs as root; copying user GTK 3/4 + Qt (Kvantum/qt5ct) config so apps respect your desktop theme
[SUB] Backing up system config files
[SUB] Backing up user config files
[SUB] Checking file permissions
[INFO] To unlock all features, add Chaotic-AUR and Nemesis repo to your pacman.conf.
[INFO] For terminal operations and full transparency, alacritty must be installed.
[INFO] Kernels page: CPU Scheduler (scx-manager) pointer shown
[INFO] Kernels available to install: 35 total (6 standard, 29 chaotic-AUR)
[SUB] GRUB Boot Entry Selector
[INFO] GRUB entries found: 8, current default: 1>0
[SUB] Removing kernel: linux
[OK] Removal completed for linux
[SUB] Updating GRUB...
[SUB] Installing kernel: linux-cachyos-lts
[OK] Installation completed for linux-cachyos-lts
[SUB] Updating GRUB...
[INFO] ATT closing
